== C1 (S2): A3 message flat: 10 rows on t in [0, 6181/10000]
   [0, 213/2000]  lower bound 0.01344
   [213/2000, 87/400]  lower bound 0.01767
   [87/400, 159/500]  lower bound 0.02019
   [159/500, 803/2000]  lower bound 0.02117
   [803/2000, 117/250]  lower bound 0.02084
   [117/250, 13/25]  lower bound 0.01966
   [13/25, 1121/2000]  lower bound 0.01798
   [1121/2000, 74/125]  lower bound 0.01625
   [74/125, 1233/2000]  lower bound 0.01471
   [1233/2000, 6181/10000]  lower bound 0.0414
== C2 (S3): left derivative m<=4: 24 rows on t in [0, 6181/10000]
   [0, 79/1000]  lower bound 0.0213
   [79/1000, 269/2000]  lower bound 0.01577
   [269/2000, 353/2000]  lower bound 0.01225
   [353/2000, 419/2000]  lower bound 0.01031
   [419/2000, 237/1000]  lower bound 0.008674
   [237/1000, 521/2000]  lower bound 0.007666
   [521/2000, 281/1000]  lower bound 0.007101
   [281/1000, 599/2000]  lower bound 0.006612
   [599/2000, 317/1000]  lower bound 0.005935
   [317/1000, 667/2000]  lower bound 0.005721
   [667/2000, 349/1000]  lower bound 0.005924
   [349/1000, 729/2000]  lower bound 0.00566
   [729/2000, 19/50]  lower bound 0.00572
   [19/50, 791/2000]  lower bound 0.006118
   [791/2000, 823/2000]  lower bound 0.006438
   [823/2000, 857/2000]  lower bound 0.006724
   [857/2000, 893/2000]  lower bound 0.007508
   [893/2000, 233/500]  lower bound 0.008441
   [233/500, 39/80]  lower bound 0.009697
   [39/80, 1023/2000]  lower bound 0.01152
   [1023/2000, 539/1000]  lower bound 0.01377
   [539/1000, 571/1000]  lower bound 0.01696
   [571/1000, 1217/2000]  lower bound 0.02176
   [1217/2000, 6181/10000]  lower bound 0.06981
== C3 (S4): threshold: 13 rows on t in [0, 6181/10000]
   [0, 241/2000]  lower bound 0.2312
   [241/2000, 47/250]  lower bound 0.1392
   [47/250, 117/500]  lower bound 0.09922
   [117/500, 539/2000]  lower bound 0.08004
   [539/2000, 599/2000]  lower bound 0.0713
   [599/2000, 131/400]  lower bound 0.06496
   [131/400, 71/200]  lower bound 0.06605
   [71/200, 48/125]  lower bound 0.07104
   [48/125, 833/2000]  lower bound 0.08318
   [833/2000, 911/2000]  lower bound 0.1058
   [911/2000, 507/1000]  lower bound 0.1428
   [507/1000, 1163/2000]  lower bound 0.2214
   [1163/2000, 6181/10000]  lower bound 0.7965
== C7 (S6), W*, lam in [3/20, 0.954]: 17 rows on t in [3/43, 3229/10000]
   [3/43, 1543/21500]  lower bound 0.0005467
   [1543/21500, 6387/86000]  lower bound 0.0006293
   [6387/86000, 1329/17200]  lower bound 0.0007806
   [1329/17200, 6989/86000]  lower bound 0.0008072
   [6989/86000, 461/5375]  lower bound 0.001165
   [461/5375, 1973/21500]  lower bound 0.001203
   [1973/21500, 4247/43000]  lower bound 0.001642
   [4247/43000, 2317/21500]  lower bound 0.001829
   [2317/21500, 5107/43000]  lower bound 0.002291
   [5107/43000, 91/688]  lower bound 0.002834
   [91/688, 6397/43000]  lower bound 0.003527
   [6397/43000, 14557/86000]  lower bound 0.004247
   [14557/86000, 16707/86000]  lower bound 0.005343
   [16707/86000, 19373/86000]  lower bound 0.006514
   [19373/86000, 22641/86000]  lower bound 0.008257
   [22641/86000, 13363/43000]  lower bound 0.01033
   [13363/43000, 3229/10000]  lower bound 0.03316
== C8 (S6), lam >= 2: 1 rows on t in [1/2, 6181/10000]
   [1/2, 6181/10000]  lower bound 0.06202
== C10 T1: 2 rows
   [0, 3/86]  lower bound 0.1181
   [3/86, 3/43]  lower bound 0.1144
== C10 T2: 3 rows
   [0, 3/86]  lower bound 0.05892
   [3/86, 9/172]  lower bound 0.04218
   [9/172, 3/43]  lower bound 0.01884
== C10 T3a: 2 rows
   [0, 3/86]  lower bound 0.05396
   [3/86, 3/43]  lower bound 0.04588
== C10 T4: 3 rows
   [0, 3/172]  lower bound 0.008796
   [3/172, 3/86]  lower bound 0.01533
   [3/86, 3/43]  lower bound 0.01646
== C10 T5: 3 rows
   [0, 3/172]  lower bound 0.7533
   [3/172, 3/86]  lower bound 2.721
   [3/86, 3/43]  lower bound 3.835
== C10 T6: 2 rows
   [0, 3/86]  lower bound 0.06739
   [3/86, 3/43]  lower bound 0.05749
== C10 T7: 3 rows
   [0, 3/172]  lower bound 0.01285
   [3/172, 3/86]  lower bound 0.02135
   [3/86, 3/43]  lower bound 0.02216
== C10 T8: 2 rows
   [0, 3/86]  lower bound 0.03161
   [3/86, 3/43]  lower bound 0.01124
== C10 T8b: 2 rows
   [0, 3/86]  lower bound 0.03834
   [3/86, 3/43]  lower bound 0.033
