t | Lm=-log(1-t)/t | L23 | L34 | Lx | G2t | kt | dt | y4   (L_a = log(1+a t)/(a t); value 1 at t=0)
           0 1.0 1.0 1.0 1.0 0.0833333333333 0.666666666667 0.333333333333 0.2
       3/172 1.00882368172 0.994230726493 0.993515789456 0.999282296569 0.0947645018749 0.670702124283 0.329297875717 0.197247706422
        3/86 1.01785840243 0.988549283662 0.987142383178 0.99858222999 0.106412348927 0.675063891931 0.324936108069 0.194570135747
       9/172 1.02711283035 0.982953439721 0.980876625012 0.997899157602 0.118284122117 0.679763792192 0.320236207808 0.191964285714
        3/43 1.03659614931 0.97744104265 0.97471548509 0.997232467611 0.130387686027 0.684814814815 0.315185185185 0.189427312775
  1543/21500 1.0376986307 0.976814193086 0.97401556136 0.99715704092 0.131790751403 0.685417066929 0.314582933071 0.189140685481
  6387/86000 1.03908116695 0.976032130897 0.973142530575 0.997063048348 0.133549045757 0.686176670224 0.313823329776 0.18878361885
  1329/17200 1.04074675384 0.97509584806 0.972097630991 0.996950681568 0.135665579116 0.687098209167 0.312901790833 0.188356914451
     79/1000 1.04171193325 0.974556212 0.971495536279 0.996885997384 0.136891204963 0.687635421201 0.312364578799 0.188111361926
  6989/86000 1.04297872595 0.973851173528 0.970709053276 0.996801574557 0.138498865941 0.68834405171 0.31165594829 0.187790966818
    461/5375 1.04550512373 0.972455945067 0.969153178432 0.996634798761 0.141701799206 0.689769234088 0.310230765912 0.18715832724
  1973/21500 1.04889936914 0.970603868968 0.967088934858 0.996414012314 0.145998153008 0.69170882458 0.30829117542 0.186321408763
  4247/43000 1.05289700307 0.96845490115 0.964695328787 0.996158685238 0.151048280655 0.694029341881 0.305970658119 0.185354414884
    213/2000 1.05736098012 0.966095654445 0.962069404656 0.995879424194 0.156674860168 0.696666156359 0.303333843641 0.184297825286
  2317/21500 1.05809753865 0.965710403108 0.96164079474 0.995833926583 0.157601971092 0.697105811664 0.302894188336 0.184125787887
  5107/43000 1.06454862758 0.962383865481 0.957942060094 0.995442279007 0.165706647351 0.701011277694 0.298988722306 0.182646074384
    241/2000 1.06557439672 0.961862682464 0.957362918631 0.995381114201 0.166992823416 0.701641261698 0.298358738302 0.182415176943
      91/688 1.07261259873 0.958342516211 0.953453801191 0.994969382742 0.175799277537 0.706029404965 0.293970595035 0.180862250263
    269/2000 1.07396211424 0.957678502684 0.952716908486 0.994891987458 0.177484175209 0.706883757738 0.293116242262 0.180570603106
  6397/43000 1.08269598118 0.953463619541 0.948043023782 0.994402704448 0.188360429168 0.712512308144 0.287487691856 0.178728781153
 14557/86000 1.09558793615 0.947492589287 0.941432351778 0.993715410824 0.204327171984 0.721128808321 0.278871191679 0.17614720991
    353/2000 1.10023642699 0.945409451694 0.939128967005 0.993477235026 0.210059278692 0.724323938671 0.275676061329 0.175254118472
      47/250 1.10773903628 0.942121979247 0.935496956595 0.993103037898 0.219283387026 0.729577662083 0.270422337917 0.173852573018
 16707/86000 1.11188680508 0.940342991432 0.933533072232 0.992901396745 0.224368532595 0.732532877998 0.267467122002 0.173098134566
    419/2000 1.12214616865 0.936056004695 0.92880496678 0.992417930786 0.236903438833 0.739995400929 0.260004599071 0.171291538198
      87/400 1.127638421 0.933825082801 0.92634696346 0.992167699992 0.243589147569 0.744078760737 0.255921239263 0.170357751278
 19373/86000 1.13304165639 0.931672379919 0.923976739539 0.991927122285 0.25014999004 0.748155315313 0.251844684687 0.169460799382
     117/500 1.13920132155 0.929267758014 0.921330991442 0.991659408844 0.257609668719 0.752873718985 0.247126281015 0.16846361186
    237/1000 1.14133859788 0.928445437663 0.920426658779 0.991568103285 0.260193192541 0.754528491373 0.245471508627 0.168123739072
    521/2000 1.15846831797 0.9220695864 0.913422616443 0.99086439425 0.280811726432 0.768114197074 0.231885802926 0.165508109897
 22641/86000 1.16053215521 0.921326311875 0.912606992758 0.990782843616 0.283285589305 0.769789439104 0.230210560896 0.165205431032
    539/2000 1.16521724598 0.919658141161 0.910777113422 0.990600182358 0.28889342923 0.773622714646 0.226377285354 0.164527805199
    281/1000 1.17399971979 0.916600869392 0.907425870943 0.990266732167 0.299376011998 0.780921158981 0.219078841019 0.163291966035
    599/2000 1.18851723942 0.91173826592 0.902102057574 0.989739864838 0.316621381025 0.793304667269 0.206695332731 0.161342368506
 13363/43000 1.1976046549 0.908809722186 0.898899489294 0.98942460815 0.327365702884 0.801256449502 0.198743550498 0.160177610895
    317/1000 1.20271425682 0.907200384728 0.897140758189 0.989252017503 0.333390304629 0.805794630346 0.194205369654 0.159540523293
     159/500 1.20353968912 0.90694286626 0.896859412777 0.989224443313 0.334362444482 0.80653226613 0.19346773387 0.15943877551
  3229/10000 1.20760701917 0.90568379428 0.895484155495 0.989089796482 0.339148228972 0.810185266766 0.189814733234 0.158942081505
     131/400 1.21146005345 0.904505974963 0.894198114951 0.988964094467 0.34367510136 0.813673788007 0.186326211993 0.158478605388
    667/2000 1.21653714952 0.902975714038 0.892527921298 0.988801146523 0.349630188871 0.818312022783 0.181687977217 0.157878118093
    349/1000 1.22993019133 0.899053772049 0.888250797472 0.988385416382 0.365286412284 0.830772477172 0.169227522828 0.156347717323
      71/200 1.2352252456 0.897547554724 0.886609489505 0.988226476795 0.371455575863 0.83578846194 0.16421153806 0.155763239875
    729/2000 1.24373988574 0.895176183245 0.88402690783 0.987977051707 0.38135193496 0.843960376904 0.156039623096 0.154846701765
       19/50 1.25798894985 0.891342113422 0.879855152095 0.987575858387 0.397849240903 0.857927247769 0.142072752231 0.153374233129
      48/125 1.26174040481 0.890359640805 0.878786901674 0.987473465719 0.402179629004 0.861664874404 0.138335125596 0.15299877601
    791/2000 1.27270191891 0.88755075044 0.87573446193 0.987181649074 0.414802649087 0.872730001992 0.127269998008 0.15192950471
    803/2000 1.27852740718 0.88609442196 0.874152843017 0.987030888075 0.421493266016 0.878697752357 0.121302247643 0.151377535574
    823/2000 1.28840425828 0.883681042696 0.871533309542 0.986781857202 0.432809303148 0.888953881295 0.111046118705 0.150466445983
    833/2000 1.29342335476 0.882480784143 0.870231205612 0.986658378345 0.438546716466 0.894232224508 0.105767775492 0.1500150015
    857/2000 1.30569613943 0.879617469865 0.86712675568 0.986364806594 0.452539947199 0.907327600384 0.0926723996161 0.148942508192
    893/2000 1.32473354274 0.875367681837 0.862523790995 0.985931660656 0.474148577066 0.928170939386 0.0718290606144 0.147362216328
    911/2000 1.33454958641 0.873262811543 0.86024607631 0.985718264163 0.485245918705 0.939170182098 0.0608298179019 0.146584579302
     233/500 1.34626489275 0.870823756277 0.857608450575 0.985471923829 0.498452386446 0.952522470005 0.0474775299949 0.145687645688
     117/250 1.34852946504 0.87036118757 0.857108430137 0.98542531832 0.501000536063 0.955131731768 0.0448682682316 0.145518044237
       39/80 1.37118885737 0.865884490579 0.852272681851 0.984976130937 0.526417124946 0.981745666513 0.0182543334867 0.143884892086
         1/2 1.38629436112 0.863046217355 0.849209949649 0.984693077336 0.54328265798 1.0 0.0 0.142857142857
    507/1000 1.39496273164 0.861467342326 0.84750727727 0.984536200636 0.552934090547 1.01066146782 -0.0106614678241 0.142287990894
   1023/2000 1.40061741447 0.860456317594 0.84641737823 0.984435962715 0.559219767392 1.01768973744 -0.0176897374386 0.141924496168
       13/25 1.41147918285 0.858555009534 0.844368582417 0.984247916185 0.57127132242 1.03135313531 -0.0313531353135 0.141242937853
    539/1000 1.43665535433 0.85434429541 0.83983513279 0.983833583397 0.599097057047 1.06385355418 -0.0638535541751 0.139742873113
   1121/2000 1.46675746986 0.849643792208 0.834780663113 0.983374490887 0.632180592894 1.10425278113 -0.10425278113 0.138083402375
    571/1000 1.48213373039 0.847372524445 0.832340732335 0.983153949994 0.649006362573 1.12554434138 -0.125544341382 0.137287204833
   1163/2000 1.49798519184 0.84511697217 0.829919207088 0.982935763605 0.666303014955 1.147963613 -0.147963612997 0.1365001365
      74/125 1.51433801449 0.842876954631 0.827515856916 0.982719894201 0.684096689645 1.17159674577 -0.171596745773 0.13572204126
   1217/2000 1.54111711348 0.839387886844 0.823775341677 0.982385264038 0.71313117283 1.21141968999 -0.211419689992 0.13451708367
   1233/2000 1.55460771805 0.837709666352 0.821977456363 0.982225004566 0.727711403095 1.23201603099 -0.232016030993 0.133940530405
  6181/10000 1.55734749191 0.837375066275 0.821619096904 0.982193106239 0.73066879602 1.23624310221 -0.236243102212 0.133825812323
